// Jest Snapshot v1, https://goo.gl/fbAQLP

exports[`Game component renders correctly 1`] = `
<div
  className="game-container"
>
  <h2
    className="game-header"
  >
    Spain vs. Brazil 
  </h2>
  <p
    className="game-scores"
  >
    0 - 0
  </p>
</div>
`;
